// Jest Snapshot v1, https://goo.gl/fbAQLP

exports[`Poll should render correctly 1`] = `
<WithStyles(ForwardRef(Container))>
  <WithStyles(ForwardRef(Typography))
    align="center"
    className="makeStyles-header-2"
    component="h4"
    variant="h4"
  />
  <form
    onSubmit={[Function]}
  >
    <WithStyles(ForwardRef(Grid))
      container={true}
      justify="space-between"
    >
      <WithStyles(ForwardRef(Button))
        className="btn"
        color="primary"
        variant="contained"
      >
        SHARE POLL
      </WithStyles(ForwardRef(Button))>
      <WithStyles(ForwardRef(Button))
        color="primary"
        type="submit"
        value="Submit Votes"
        variant="contained"
      >
        SUBMIT VOTES
      </WithStyles(ForwardRef(Button))>
    </WithStyles(ForwardRef(Grid))>
  </form>
</WithStyles(ForwardRef(Container))>
`;
