// Jest Snapshot v1, https://goo.gl/fbAQLP

exports[`Poll should render correctly 1`] = `
<div
  className="poll"
>
  <h1>
    Poll Name
  </h1>
  <form
    onSubmit={[Function]}
  >
    <div
      className="option"
    >
      <h4>
        option1
      </h4>
      <WithStyles(ForwardRef(Slider))
        defaultValue={0}
        id="option1"
        marks={true}
        max={5}
        min={-5}
        onChange={[Function]}
        step={1}
      />
    </div>
    <div
      className="option"
    >
      <h4>
        option2
      </h4>
      <WithStyles(ForwardRef(Slider))
        defaultValue={0}
        id="option2"
        marks={true}
        max={5}
        min={-5}
        onChange={[Function]}
        step={1}
      />
    </div>
    <input
      type="submit"
      value="Submit Votes"
    />
  </form>
</div>
`;

exports[`Poll should render correctly in "debug" mode 1`] = `
<div
  className="poll"
>
  <h1>
    Poll Name
  </h1>
  <form
    onSubmit={[Function]}
  >
    <div
      className="option"
    >
      <h4>
        option1
      </h4>
      <WithStyles(ForwardRef(Slider))
        defaultValue={0}
        id="option1"
        marks={true}
        max={5}
        min={-5}
        onChange={[Function]}
        step={1}
      />
    </div>
    <div
      className="option"
    >
      <h4>
        option2
      </h4>
      <WithStyles(ForwardRef(Slider))
        defaultValue={0}
        id="option2"
        marks={true}
        max={5}
        min={-5}
        onChange={[Function]}
        step={1}
      />
    </div>
    <input
      type="submit"
      value="Submit Votes"
    />
  </form>
</div>
`;
